[
  {
    "text": "Write an escalation note: Transaction Monitoring is Deprecated but was last executed 2025-09-15, Fully Automated, owned by Finance Team, Weekly cadence. Flag risk of dormant alerts.",
    "labels": [
      "DOB",
      "PHONE"
    ]
  },
  {
    "text": "Log a risk that Credit Scoring is Under Review (owner Customer Support, Fully Automated, On Demand, last run 2025-09-03). Note potential impact on downstream Loan Origination (Weekly, Semi-Automated, last run 2025-08-18, status Active).",
    "labels": [
      "DOB",
      "PHONE"
    ]
  },
  {
    "text": "Draft a brief exec email summarizing status: Customer Onboarding (Deprecated, last 2025-09-05), KYC Verification (Deprecated, Monthly, last 2025-09-14), AML Screening (Deprecated, On Demand, last 2025-08-31), Fraud Detection (Active, Daily, last 2025-08-23).",
    "labels": [
      "DOB",
      "PHONE"
    ]
  },
  {
    "text": "Write an SOP step that, when Customer Complaint Handling (owner Customer Support, Fully Automated, On Demand) is Active (last run 2025-09-11), triage auto-tags tickets 'PRIORITY-CUST'.",
    "labels": [
      "BIC",
      "DOB",
      "PHONE"
    ]
  },
  {
    "text": "Write a change request to align Data Backup (Under Review, Manual, On Demand, last run 2025-09-06) with Interest Calculation (Active, Fully Automated, Daily, last run 2025-09-02): ensure restore tests before EOM closes.",
    "labels": [
      "DOB",
      "PHONE"
    ]
  },
  {
    "text": "Compose a controls snapshot comparing Regulatory Reporting (Under Review, Semi-Automated, On Demand, last 2025-09-16) and Internal Audit (Under Review, Fully Automated, Daily, last 2025-09-15).",
    "labels": [
      "DOB",
      "PHONE"
    ]
  },
  {
    "text": "Build a mini decision tree for Password Reset (Active, Semi-Automated, Daily, last executed 2025-08-22): if failures >3/day, auto-assign HR L2 and open P1.",
    "labels": [
      "DOB",
      "PHONE"
    ]
  },
  {
    "text": "Draft a weekly release plan for Mobile App Update (Active, Fully Automated, Weekly, last 2025-09-15) with a dependency check on Regulatory Reporting (Under Review, On Demand).",
    "labels": [
      "DOB",
      "PHONE"
    ]
  },
  {
    "text": "Send an activation email for CUST-0023 (Line of Credit Agreement) to Emily Williams (emily.williams@hotmail.com) — Status Active; Amount 353,236.74.",
    "labels": [
      "EMAIL",
      "PHONE"
    ]
  },
  {
    "text": "Create a termination summary for CUST-0002 (Letter of Credit) — Michael Clark (michael.clark@gmail.com), Status Terminated, Amount 499,667.34.",
    "labels": [
      "EMAIL",
      "PHONE"
    ]
  },
  {
    "text": "List active supplier agreements of outsourcing/related types: SUP-0012 (Outsourcing) 64,145.18; SUP-0036 (Outsourcing) 396,361.85; SUP-0039 (Outsourcing) 61,399.13; SUP-0034 (Services Supply) 237,777.45; SUP-0024 (Goods Supply) 106,623.59.",
    "labels": [
      "PHONE"
    ]
  },
  {
    "text": "Prepare a pending-action tracker: CUST-0044 (Letter of Credit) 310,738.37; CUST-0045 (Bank Guarantee) 212,569.00; CUST-0046 (Personal Loan) 451,133.43; CUST-0054 (Safe Deposit Box) 203,538.70; CUST-0055 (Credit Card) 279,479.12; CUST-0056 (Overdraft) 492,879.62.",
    "labels": [
      "PHONE"
    ]
  },
  {
    "text": "Draft a risk note flagging high amounts: CUST-0028 (Active) 497,139.00; SUP-0016 (Expired) 496,703.00; SUP-0038 (Expired) 497,735.94; CUST-0002 (Terminated) 499,667.34.",
    "labels": [
      "PHONE"
    ]
  },
  {
    "text": "Write a one-paragraph engagement snapshot for Emily Williams: Mortgage (Borrower, Active; last interaction 2025-08-11) and Current Account (Holder, Active; last 2025-07-30).",
    "labels": [
      "DOB",
      "PHONE"
    ]
  },
  {
    "text": "Produce a micro-segmentation note for Mobile Banking Active users: include Robert Williams (last interaction 2025-08-08), Alex Garcia (2025-06-24), Katie Smith (2025-05-18). Suggest push notification campaign.",
    "labels": [
      "DOB",
      "PHONE"
    ]
  },
  {
    "text": "Draft a cross-sell note for Jane Miller: Life Insurance (Subscriber, Active), Savings Account (Holder, Active), Mortgage (Inactive). Propose a mortgage health check offer.",
    "labels": []
  },
  {
    "text": "Compose gentle nudges to re-engage Online Banking users now Inactive: John Taylor (last 2025-03-19), Katie Taylor (2025-05-04).",
    "labels": [
      "DOB",
      "PHONE"
    ]
  },
  {
    "text": "Create a relationship matrix entry for Alex Johnson: Mobile Banking (User, Active), Mortgage (Borrower, Active), Personal Loan (Borrower, Active).",
    "labels": []
  },
  {
    "text": "Compose a compliance linkage note: Emily Jones has Electronic Banking Agreement CUST-0050 Active (Amount 35,037.61). Product links show Mobile Banking (User, Active) and Current Account (Holder, Active).",
    "labels": [
      "PHONE"
    ]
  },
  {
    "text": "Write a friendly welcome email to Jane Smith for her Mortgage (Borrower, Active; start 2024-09-30). Invite her to set up Online/Mobile Banking.",
    "labels": [
      "DOB",
      "PHONE"
    ]
  }
]