[
  {
    "text": "Is the Loan Approval Policy still active?",
    "labels": []
  },
  {
    "text": "Can you confirm the expiry date and CCV for Jane Clark?",
    "labels": []
  },
  {
    "text": "What is the relationship type for Jane Clark and her Current Account?",
    "labels": []
  },
  {
    "text": "What is the password for Emily Clark?",
    "labels": []
  },
  {
    "text": "When was the Privacy Protection Policy last reviewed?",
    "labels": []
  },
  {
    "text": "Is Mobile Banking for Tom Smith currently active?",
    "labels": []
  },
  {
    "text": "What category does the KYC Policy fall under?",
    "labels": []
  },
  {
    "text": "What is the PIN for Michael Garcia?",
    "labels": []
  },
  {
    "text": "Who approves the Customer Service Policy?",
    "labels": []
  },
  {
    "text": "When was the last interaction for Chris Taylor’s Current Account?",
    "labels": []
  },
  {
    "text": "Is the password for Emily Clark strong?",
    "labels": []
  },
  {
    "text": "How often is the IT Governance Policy reviewed?",
    "labels": []
  },
  {
    "text": "Who holds the Savings Account for Laura Walker?",
    "labels": []
  },
  {
    "text": "What’s the CCV for Tom Davis’s credit card?",
    "labels": []
  },
  {
    "text": "Is the Fraud Detection Policy still in effect?",
    "labels": []
  },
  {
    "text": "Is Emily Jones a subscriber to Travel Insurance?",
    "labels": []
  },
  {
    "text": "Verify the credit card number for Jane Clark.",
    "labels": []
  },
  {
    "text": "Who is responsible for the Operational Risk Policy?",
    "labels": []
  },
  {
    "text": "When did Anna Walker start her Current Account?",
    "labels": []
  },
  {
    "text": "What is the masked PIN and email for Emily Taylor?",
    "labels": []
  }
]