[
  {
    "text": "What insights can be drawn from the Annual Report published in 2024? Access it here: https://assets.ing.com/m/6e8ace8ade094690/original/Annual-report-2024.pdf",
    "labels": [
      "PHONE"
    ]
  },
  {
    "text": "I’m analyzing ING’s performance. What does the Full Year Results from 2024 reveal? Here's the link: https://newsroom.ing.be/ing-continues-to-deliver-strong-growth-in-2024-reinforcing-its-commitment-to-customers-and-society",
    "labels": [
      "PHONE"
    ]
  },
  {
    "text": "Can you summarize the Half Year Results for 2024? I found it here: https://newsroom.ing.be/ing-belgium-builds-on-strong-results-with-608-million-profit-after-first-half-of-2024",
    "labels": [
      "PHONE"
    ]
  },
  {
    "text": "What kind of data is included in the Pillar 3 Disclosures Q4 2024? Link: https://assets.ing.com/m/5f710bfeff3364d0/original/ING-BE-Pillar-3-Disclosures-Q4-2024.xlsx",
    "labels": [
      "PHONE"
    ]
  },
  {
    "text": "I need help interpreting the Pillar 3 Additional Disclosure from 2024. Here's the document: https://assets.ing.com/m/42e3b0d86ac55855/original/ING-Belgium-Additional-Pillar-III-Report-2024.pdf",
    "labels": [
      "PHONE"
    ]
  },
  {
    "text": "What’s the status of the 'Risk Governance Framework' guideline? I believe it was issued by the National Regulator.",
    "labels": []
  },
  {
    "text": "I’m reviewing 'AML Screening Guidelines'. Can you tell me who issued it and whether it’s still active?",
    "labels": []
  },
  {
    "text": "Is 'Digital Onboarding Standards' still considered advisory? Who published it?",
    "labels": []
  },
  {
    "text": "I came across 'Sustainability Reporting Protocol'. What’s its category and current status?",
    "labels": []
  },
  {
    "text": "Can you confirm the status of 'Cybersecurity Controls' issued by the Basel Committee?",
    "labels": []
  },
  {
    "text": "Did Emily Davis complete a wire transfer of 15660.4 EUR to Supplier 764 on 45845?",
    "labels": [
      "PHONE"
    ]
  },
  {
    "text": "What’s the status of Tom Taylor’s cheque to Anna Davis for 3402.37 USD on 45791?",
    "labels": [
      "PHONE"
    ]
  },
  {
    "text": "I need confirmation: did Chris Smith’s SEPA Credit to Tom Davis for 18648.23 GBP on 45827 fail?",
    "labels": [
      "PHONE"
    ]
  },
  {
    "text": "Was Laura Taylor’s direct debit to Supplier 905 for 141.99 GBP on 45753 successful?",
    "labels": [
      "PHONE"
    ]
  },
  {
    "text": "Can you confirm if Jane Williams cancelled her standing order to Supplier 896 for 9153.49 GBP on 45376?",
    "labels": [
      "PHONE"
    ]
  },
  {
    "text": "Did Robert Brown’s cheque to Katie Williams for 19478.95 GBP on 45329 go through?",
    "labels": [
      "PHONE"
    ]
  },
  {
    "text": "What’s the current status of Katie Brown’s wire transfer to Supplier 660 for 6014.97 EUR on 45637?",
    "labels": [
      "PHONE"
    ]
  },
  {
    "text": "Was the cheque from Emily Williams to Supplier 986 for 15311.43 USD on 45585 cancelled?",
    "labels": [
      "PHONE"
    ]
  },
  {
    "text": "Can you confirm if Tom Walker’s direct debit to Supplier 763 for 11428.94 GBP on 45378 was completed?",
    "labels": [
      "PHONE"
    ]
  },
  {
    "text": "Did Chris Taylor successfully complete a direct debit to John Miller for 10523.35 GBP on 45552?",
    "labels": [
      "PHONE"
    ]
  }
]