[
  {
    "text": "I found the 2024 Annual Report at https://assets.ing.com/m/6e8ace8ade094690/original/Annual-report-2024.pdf. Can you summarize its main focus?",
    "labels": [
      "PHONE"
    ]
  },
  {
    "text": "Could you tell me what’s covered in the Pillar 3 Disclosures Q4 2024? Here's the link: https://assets.ing.com/m/5f710bfeff3364d0/original/ING-BE-Pillar-3-Disclosures-Q4-2024.xlsx",
    "labels": [
      "PHONE"
    ]
  },
  {
    "text": "I’m reviewing the 2023 Full Year Results. What does the document at http://newsroom.ing.be/strong-results-also-reflect-positively-on-customers-the-economy-and-society say about customer impact?",
    "labels": [
      "PHONE"
    ]
  },
  {
    "text": "What’s the difference between the 2022 and 2023 Pillar 3 Additional Disclosures?",
    "labels": [
      "PHONE"
    ]
  },
  {
    "text": "Can you compare the 2021 and 2022 Half Year Results in terms of profit growth?",
    "labels": [
      "PHONE"
    ]
  },
  {
    "text": "What’s the operational status of VM-IAAS-4 deployed on 2023-04-16?",
    "labels": [
      "DOB",
      "PHONE"
    ]
  },
  {
    "text": "Can you tell me the cost model and provider for IaaSApp_2?",
    "labels": []
  },
  {
    "text": "Which application uses 8 vCPU and 32 GB RAM and was deployed on Google Cloud in 2024?",
    "labels": [
      "PHONE"
    ]
  },
  {
    "text": "Is VM-IAAS-8 still active? It was marked as retired in the development environment.",
    "labels": []
  },
  {
    "text": "Which Azure-hosted application has the highest storage capacity?",
    "labels": []
  },
  {
    "text": "What’s the last interaction date for Anna Williams, listed as an Insurance Subscriber?",
    "labels": []
  },
  {
    "text": "Is Chris Williams still active as an Account Holder under FATCA and KYC?",
    "labels": []
  },
  {
    "text": "Which customer has a Premium Contract and is linked via API under GDPR and AML?",
    "labels": []
  },
  {
    "text": "Can you list all customers with Digital Consent and active status?",
    "labels": []
  },
  {
    "text": "What’s the service channel used by Robert Williams for his loan agreement?",
    "labels": []
  },
  {
    "text": "Is TechNova Solutions still active as an IT Vendor?",
    "labels": []
  },
  {
    "text": "Which supplier has a Consulting Agreement and interacts via API?",
    "labels": []
  },
  {
    "text": "Who is the most recent customer to interact under GDPR and KYC?",
    "labels": []
  },
  {
    "text": "Does Laura Lewis have an active insurance subscription?",
    "labels": []
  },
  {
    "text": "Is DataBridge Analytics still under an Annual Contract?",
    "labels": []
  }
]